// Jest Snapshot v1, https://goo.gl/fbAQLP

exports[`삭제 다이알로그 테스트 delete 서버 에러 1`] = `
<div
  class="MuiPaper-root MuiPaper-elevation MuiPaper-rounded MuiPaper-elevation0 MuiAlert-root MuiAlert-standardError MuiAlert-standard css-xilmwd-MuiPaper-root-MuiAlert-root"
  role="alert"
>
  <div
    class="MuiAlert-icon css-1ytlwq5-MuiAlert-icon"
  >
    <svg
      aria-hidden="true"
      class="MuiSvgIcon-root MuiSvgIcon-fontSizeInherit css-1vooibu-MuiSvgIcon-root"
      data-testid="ErrorOutlineIcon"
      focusable="false"
      viewBox="0 0 24 24"
    >
      <path
        d="M11 15h2v2h-2zm0-8h2v6h-2zm.99-5C6.47 2 2 6.48 2 12s4.47 10 9.99 10C17.52 22 22 17.52 22 12S17.52 2 11.99 2zM12 20c-4.42 0-8-3.58-8-8s3.58-8 8-8 8 3.58 8 8-3.58 8-8 8z"
      />
    </svg>
  </div>
  <div
    class="MuiAlert-message css-acap47-MuiAlert-message"
  >
    Network request failed
  </div>
</div>
`;

exports[`삭제 다이알로그 테스트 테이블 스냅샷 테스트 1`] = `
<div
  aria-labelledby="mui-1"
  class="MuiPaper-root MuiPaper-elevation MuiPaper-rounded MuiPaper-elevation24 MuiDialog-paper MuiDialog-paperScrollPaper MuiDialog-paperWidthSm css-1t1j96h-MuiPaper-root-MuiDialog-paper"
  role="dialog"
>
  <h2
    class="MuiTypography-root MuiTypography-h6 MuiDialogTitle-root css-bdhsul-MuiTypography-root-MuiDialogTitle-root"
    id="mui-1"
  >
    <svg
      aria-hidden="true"
      class="MuiSvgIcon-root MuiSvgIcon-colorWarning MuiSvgIcon-fontSizeLarge css-1uo3q5b-MuiSvgIcon-root"
      data-testid="ReportProblemIcon"
      focusable="false"
      viewBox="0 0 24 24"
    >
      <path
        d="M1 21h22L12 2 1 21zm12-3h-2v-2h2v2zm0-4h-2v-4h2v4z"
      />
    </svg>
    Delete Resource Dialog
  </h2>
  <div
    class="MuiDialogContent-root css-ypiqx9-MuiDialogContent-root"
  >
    <p
      class="MuiDialogContentText-root MuiTypography-root MuiTypography-body1 css-qfso29-MuiTypography-root-MuiDialogContentText-root"
    >
      Are you sure you want to delete podName_01 in namespace namespaceName_01?
    </p>
  </div>
  
  <div
    class="MuiDialogActions-root MuiDialogActions-spacing css-hlj6pa-MuiDialogActions-root"
  >
    <button
      class="MuiButton-root MuiButton-outlined MuiButton-outlinedPrimary MuiButton-sizeMedium MuiButton-outlinedSizeMedium MuiButtonBase-root  css-1rwt2y5-MuiButtonBase-root-MuiButton-root"
      tabindex="0"
      type="button"
    >
      Cancel
      <span
        class="MuiTouchRipple-root css-8je8zh-MuiTouchRipple-root"
      />
    </button>
    <button
      class="MuiButton-root MuiButton-contained MuiButton-containedError MuiButton-sizeMedium MuiButton-containedSizeMedium MuiButtonBase-root  css-1sszw6i-MuiButtonBase-root-MuiButton-root"
      tabindex="0"
      type="button"
    >
      Confirm
      <span
        class="MuiTouchRipple-root css-8je8zh-MuiTouchRipple-root"
      />
    </button>
  </div>
</div>
`;
